// Jest Snapshot v1, https://goo.gl/fbAQLP

exports[`Input tests snapshot test 1`] = `ReactWrapper {}`;
