// Jest Snapshot v1, https://goo.gl/fbAQLP

exports[`App tests unit snapshot test 1`] = `ReactWrapper {}`;
