// Jest Snapshot v1, https://goo.gl/fbAQLP

exports[`Todos tests snapshot test 1`] = `ReactWrapper {}`;
